// Vitest Snapshot v1, https://vitest.dev/guide/snapshot.html

exports[`Tests for the Select component > Value changes correctly 1`] = `
<body>
  <div>
    <label
      class="flex justify-end mr-32 font-extrabold text-xl"
    >
      Limit per page:
      <select
        class="bg-lime-700 text-white"
        data-testid="select"
        id="itemsPerPage"
        name="itemsPerPage"
      >
        <option
          data-testid="select-option"
          value="5"
        >
          5
        </option>
        <option
          data-testid="select-option"
          value="10"
        >
          10
        </option>
        <option
          data-testid="select-option"
          value="20"
        >
          20
        </option>
        <option
          data-testid="select-option"
          value="50"
        >
          50
        </option>
        <option
          data-testid="select-option"
          value="100"
        >
          100
        </option>
      </select>
    </label>
  </div>
</body>
`;
