// Vitest Snapshot v1, https://vitest.dev/guide/snapshot.html

exports[`Tests for the Pagination component > The component updates URL query parameter when page changes 1`] = `
<div
  class="flex justify-center gap-4 mb-10"
  data-testid="pagination"
>
  <button
    class="w-14 h-14 text-lime-700 text-4xl p-3 rounded-full text-white font-extrabold"
  >
    &lt;
  </button>
  <button
    class="w-14 h-14 bg-lime-700 p-3 rounded-full text-white font-extrabold"
    data-testid="page-1-button"
  >
    1
  </button>
  <button
    class="w-14 h-14 bg-lime-700 p-3 rounded-full text-white font-extrabold"
    data-testid="page-2-button"
  >
    2
  </button>
  <button
    class="w-14 h-14 bg-lime-300 p-3 rounded-full text-white font-extrabold"
    data-testid="page-3-button"
  >
    3
  </button>
  <button
    class="w-14 h-14 text-lime-700 text-4xl p-3 rounded-full text-white font-extrabold"
  >
    ...
  </button>
  <button
    class="w-14 h-14 bg-lime-700 p-3 rounded-full text-white font-extrabold"
    data-testid="last-page-button"
  >
    20
  </button>
  <button
    class="w-14 h-14 text-lime-700 text-4xl p-3 rounded-full text-white font-extrabold"
  >
    &gt;
  </button>
</div>
`;
